// Jest Snapshot v1, https://goo.gl/fbAQLP

exports[`should test TodoItem component 1`] = `
<div
  className="todo-item"
>
  <h2 />
</div>
`;
